// Jest Snapshot v1, https://goo.gl/fbAQLP

exports[`<CandidateDetailRoute /> should render with candidate 1`] = `
<div>
  <h2>
    John
     
    Doe
  </h2>
  <div>
    <p>
      Czech
    </p>
    <p>
      0
    </p>
    <p>
      jedna@domain.com
    </p>
    <p />
    <p>
      Brno
    </p>
  </div>
</div>
`;

exports[`<CandidateDetailRoute /> should render without candidate 1`] = `""`;
