// Jest Snapshot v1, https://goo.gl/fbAQLP

exports[`<App /> should render 1`] = `
<Screen>
  <CandidateListRoute
    onSelect={[Function]}
  />
  <CandidateDetailRoute />
</Screen>
`;
